
> build
> vite build

[36mvite v8.0.12 [32mbuilding client environment for production...[36m[39m
[2Ktransforming...✓ 2296 modules transformed.
rendering chunks...
computing gzip size...
public/build/manifest.json              0.38 kB │ gzip:   0.18 kB
public/build/assets/app-CdSXbFNp.css   84.86 kB │ gzip:  12.71 kB
public/build/assets/app-ck3HGhxx.js   728.85 kB │ gzip: 234.73 kB

[33m[plugin builtin:vite-reporter] 
(!) Some chunks are larger than 500 kB after minification. Consider:
- Using dynamic import() to code-split the application
- Use build.rolldownOptions.output.codeSplitting to improve chunking: https://rolldown.rs/reference/OutputOptions.codeSplitting
- Adjust chunk size limit for this warning via build.chunkSizeWarningLimit.[39m
[33m[33m[PLUGIN_TIMINGS] Warning:[0m Your build spent significant time in plugins. Here is a breakdown:
  - laravel (93%)
  - @tailwindcss/vite:generate:build (5%)
See https://rolldown.rs/options/checks#plugintimings for more details.
[39m
[32m✓ built in 6.89s[39m
